// Jest Snapshot v1, https://goo.gl/fbAQLP

exports[`matches snapshot 1`] = `
<DocumentFragment>
  <div>
    <h3
      class="fs-title"
    >
      Sign Up
    </h3>
    <form
      id="msform"
    >
      <div
        class="form-group"
      >
        <label>
          Handle:
        </label>
        <input
          class="form-control"
          name="handle"
          value=""
        />
      </div>
      <div
        class="form-group"
      >
        <label>
          Name:
        </label>
        <input
          class="form-control"
          name="name"
          value=""
        />
      </div>
      <div
        class="form-group"
      >
        <label>
          Image:
        </label>
        <input
          class="form-control"
          name="image"
          value=""
        />
      </div>
      <div
        class="form-group"
      >
        <label>
          Description:
        </label>
        <input
          class="form-control"
          name="description"
          value=""
        />
      </div>
      <div
        class="form-group"
      >
        <label>
          Type:
        </label>
        <select
          name="type"
        >
          <option
            value="LPS"
          >
            LPS
          </option>
          <option
            value="SPS"
          >
            SPS
          </option>
          <option
            value="Zoanthids"
          >
            Zoanthids
          </option>
          <option
            value="Mushrooms"
          >
            Mushrooms
          </option>
          <option
            value="Anemones"
          >
            Anemones
          </option>
          <option
            value="Soft"
          >
            Soft
          </option>
        </select>
      </div>
    </form>
    <button
      class="next action-button"
      type="submit"
    >
      Submit
    </button>
  </div>
</DocumentFragment>
`;
